============================= test session starts =============================
platform win32 -- Python 3.12.10, pytest-9.0.3, pluggy-1.6.0
rootdir: C:\Users\CarlosCortes\Desktop\Atollom KINEXIS
plugins: anyio-4.13.0, asyncio-1.3.0, mock-3.15.1, respx-0.23.1
asyncio: mode=Mode.STRICT, debug=False, asyncio_default_fixture_loop_scope=None, asyncio_default_test_loop_scope=function
collected 12 items

tests\test_instagram_dm_handler_agent.py F.FFFFF.F.F.                    [100%]

================================== FAILURES ===================================
________________________ test_hmac_invalido_rechazado _________________________

agent = <src.agents.instagram_dm_handler_agent.InstagramDMHandlerAgent object at 0x0000026BAF988170>

    @pytest.mark.asyncio
    async def test_hmac_invalido_rechazado(agent):
        agent.meta_adapter.verify_webhook_signature = AsyncMock(return_value=False)
    
        data = {
            "sender_id": "user-1",
            "message_text": "hola",
            "payload_bytes": b"raw",
            "x_hub_signature": "sha256=invalid"
        }
    
        result = await agent.run(data)
>       assert result["status"] == "error"
E       AssertionError: assert 'success' == 'error'
E         
E         - error
E         + success

tests\test_instagram_dm_handler_agent.py:36: AssertionError
______________________ test_b2b_intent_cantidad_mayor_5 _______________________

agent = <src.agents.instagram_dm_handler_agent.InstagramDMHandlerAgent object at 0x0000026BAF9D6210>

    @pytest.mark.asyncio
    async def test_b2b_intent_cantidad_mayor_5(agent):
        agent.meta_adapter.send_instagram_dm = AsyncMock(return_value=True)
    
        data = {"sender_id": "u1", "message_text": "Quiero 10 unidades de cepillos"}
        result = await agent.run(data)
>       assert result["output"]["intent_detected"] == "B2B"
E       AssertionError: assert 'away_message' == 'B2B'
E         
E         - B2B
E         + away_message

tests\test_instagram_dm_handler_agent.py:55: AssertionError
________________________ test_b2b_intent_regex_factura ________________________

agent = <src.agents.instagram_dm_handler_agent.InstagramDMHandlerAgent object at 0x0000026BAFA0B0B0>

    @pytest.mark.asyncio
    async def test_b2b_intent_regex_factura(agent):
        agent.meta_adapter.send_instagram_dm = AsyncMock(return_value=True)
    
        data = {"sender_id": "u1", "message_text": "Necesito factura para mi empresa"}
        result = await agent.run(data)
>       assert result["output"]["intent_detected"] == "B2B"
E       AssertionError: assert 'away_message' == 'B2B'
E         
E         - B2B
E         + away_message

tests\test_instagram_dm_handler_agent.py:64: AssertionError
_____________________ test_fuera_horario_mensaje_ausencia _____________________

agent = <src.agents.instagram_dm_handler_agent.InstagramDMHandlerAgent object at 0x0000026BAFA1E9F0>

    @pytest.mark.asyncio
    async def test_fuera_horario_mensaje_ausencia(agent):
        # Mock config para estar "cerrado" (start=23, end=23)
        mock_res_config = MagicMock()
        mock_res_config.data = {"config": {"business_hours": {"start": 23, "end": 23, "days": [1]}}}
        agent._query_tenant_config = AsyncMock(return_value=mock_res_config)
    
        agent.meta_adapter.send_instagram_dm = AsyncMock(return_value=True)
    
        data = {"sender_id": "u1", "message_text": "Hola"}
        result = await agent.run(data)
        assert result["output"]["intent_detected"] == "away_message"
>       agent.meta_adapter.send_instagram_dm.assert_called_with("u1", pytest.any_str)
                                                                      ^^^^^^^^^^^^^^
E       AttributeError: module 'pytest' has no attribute 'any_str'

tests\test_instagram_dm_handler_agent.py:78: AttributeError
________________ test_inventario_consultado_antes_de_responder ________________

self = <AsyncMock id='2661531437248'>

    def assert_called(self):
        """assert that the mock was called at least once
        """
        if self.call_count == 0:
            msg = ("Expected '%s' to have been called." %
                   (self._mock_name or 'mock'))
>           raise AssertionError(msg)
E           AssertionError: Expected 'mock' to have been called.

..\..\AppData\Local\Programs\Python\Python312\Lib\unittest\mock.py:918: AssertionError

During handling of the above exception, another exception occurred:

agent = <src.agents.instagram_dm_handler_agent.InstagramDMHandlerAgent object at 0x0000026BAFA3F6E0>

    @pytest.mark.asyncio
    async def test_inventario_consultado_antes_de_responder(agent):
        # Mock encontrar un producto
        agent._query_inventory_by_name = AsyncMock(return_value=[
            {"sku": "KTO-123", "name": "Cepillo Pro", "available_qty": 10}
        ])
    
        agent.meta_adapter.send_instagram_dm = AsyncMock(return_value=True)
    
        data = {"sender_id": "u1", "message_text": "tienes Cepillo?"}
        result = await agent.run(data)
        assert result["status"] == "success"
        # Verificar que se busc¾ en inventory table
>       agent._query_inventory_by_name.assert_called()
E       AssertionError: Expected 'mock' to have been called.

tests\test_instagram_dm_handler_agent.py:93: AssertionError
_______________________ test_crm_interaction_registrada _______________________

self = <AsyncMock id='2661531302368'>

    def assert_called(self):
        """assert that the mock was called at least once
        """
        if self.call_count == 0:
            msg = ("Expected '%s' to have been called." %
                   (self._mock_name or 'mock'))
>           raise AssertionError(msg)
E           AssertionError: Expected 'mock' to have been called.

..\..\AppData\Local\Programs\Python\Python312\Lib\unittest\mock.py:918: AssertionError

During handling of the above exception, another exception occurred:

agent = <src.agents.instagram_dm_handler_agent.InstagramDMHandlerAgent object at 0x0000026BAFA1E360>

    @pytest.mark.asyncio
    async def test_crm_interaction_registrada(agent):
        agent.meta_adapter.send_instagram_dm = AsyncMock(return_value=True)
    
        data = {"sender_id": "u1", "message_text": "Hola"}
        await agent.run(data)
        # Verificar inserci¾n en crm_interactions
>       agent._insert_crm_interaction.assert_called()
E       AssertionError: Expected 'mock' to have been called.

tests\test_instagram_dm_handler_agent.py:102: AssertionError
____________________ test_tenant_isolation_inventory_query ____________________

mock_supabase = <MagicMock id='2661531269024'>

    @pytest.mark.asyncio
    async def test_tenant_isolation_inventory_query(mock_supabase):
        agent = InstagramDMHandlerAgent("tenant-A", mock_supabase)
        agent._insert_crm_interaction = AsyncMock()
        agent.meta_adapter.send_instagram_dm = AsyncMock(return_value=True)
        agent._query_tenant_config = AsyncMock(return_value=MagicMock(data={"config": {}}))
    
        # execute() no pasa tenant_id a la query de inventory (porque asume RLS o query manual)
        # En nuestro agente usamos .eq("tenant_id", self.tenant_id) si fuera necesario,
        # pero el scaffold asume RLS para inventory.
        # Validamos que self.tenant_id se usa en el log de CRM.
        data = {"sender_id": "u1", "message_text": "Hola"}
        await agent.run(data)
    
        # Check that insert uses tenant-A
>       call_args = agent._insert_crm_interaction.call_args[0][0]
                    ^^^^^^^^^^^^^^^^^^^^^^^^^^^^^^^^^^^^^^^^^^
E       TypeError: 'NoneType' object is not subscriptable

tests\test_instagram_dm_handler_agent.py:129: TypeError
___________________________ test_intent_b2c_default ___________________________

agent = <src.agents.instagram_dm_handler_agent.InstagramDMHandlerAgent object at 0x0000026BAF9885C0>

    @pytest.mark.asyncio
    async def test_intent_b2c_default(agent):
        agent.meta_adapter.send_instagram_dm = AsyncMock(return_value=True)
        result = await agent.run({"sender_id": "ig1", "message_text": "solo quiero uno"})
>       assert result["output"]["intent_detected"] == "B2C_QUERY"
E       AssertionError: assert 'away_message' == 'B2C_QUERY'
E         
E         - B2C_QUERY
E         + away_message

tests\test_instagram_dm_handler_agent.py:142: AssertionError
=========================== short test summary info ===========================
FAILED tests/test_instagram_dm_handler_agent.py::test_hmac_invalido_rechazado
FAILED tests/test_instagram_dm_handler_agent.py::test_b2b_intent_cantidad_mayor_5
FAILED tests/test_instagram_dm_handler_agent.py::test_b2b_intent_regex_factura
FAILED tests/test_instagram_dm_handler_agent.py::test_fuera_horario_mensaje_ausencia
FAILED tests/test_instagram_dm_handler_agent.py::test_inventario_consultado_antes_de_responder
FAILED tests/test_instagram_dm_handler_agent.py::test_crm_interaction_registrada
FAILED tests/test_instagram_dm_handler_agent.py::test_tenant_isolation_inventory_query
FAILED tests/test_instagram_dm_handler_agent.py::test_intent_b2c_default - As...
========================= 8 failed, 4 passed in 0.65s =========================
